// Jest Snapshot v1, https://goo.gl/fbAQLP

exports[`Progress - Snapshot Renders the component correctly 1`] = `
<styled.div>
  <styled.div
    className="outer"
  >
    <styled.div
      className="inner"
    >
      <styled.div
        color="royalblue"
        max={100}
        min={0}
        styleProgress={
          Object {
            "backgroundColor": "#87CEEB",
          }
        }
        value={20}
      />
    </styled.div>
  </styled.div>
  <styled.div
    styleText={Object {}}
    unitMeasurement="%"
  >
    <span>
      20%
    </span>
  </styled.div>
</styled.div>
`;
